CRITICAL - 2026-05-30 16:53:52 --> ErrorException: Undefined variable $obat
[Method: GET, Route: dashboard]
in APPPATH\Views\dashboard\index.php on line 72.
 1 APPPATH\Views\dashboard\index.php(72): CodeIgniter\Debug\Exceptions->errorHandler(2, 'Undefined variable $obat', 'D:\\XAMPP\\htdocs\\apotek\\app\\Views\\dashboard\\index.php', 72)
 2 SYSTEMPATH\View\View.php(238): include('D:\\XAMPP\\htdocs\\apotek\\app\\Views\\dashboard\\index.php')
 3 SYSTEMPATH\View\View.php(241): CodeIgniter\View\View->CodeIgniter\View\{closure}()
 4 SYSTEMPATH\Common.php(1250): CodeIgniter\View\View->render('dashboard/index', [], true)
 5 APPPATH\Controllers\Dashboard.php(25): view('dashboard/index', [...])
 6 SYSTEMPATH\CodeIgniter.php(951): App\Controllers\Dashboard->index()
 7 SYSTEMPATH\CodeIgniter.php(497): CodeIgniter\CodeIgniter->runController(Object(App\Controllers\Dashboard))
 8 SYSTEMPATH\CodeIgniter.php(340): CodeIgniter\CodeIgniter->handleRequest(null, Object(Config\Cache), false)
 9 SYSTEMPATH\Boot.php(417): CodeIgniter\CodeIgniter->run()
10 SYSTEMPATH\Boot.php(68): CodeIgniter\Boot::runCodeIgniter(Object(CodeIgniter\CodeIgniter))
11 FCPATH\index.php(59): CodeIgniter\Boot::bootWeb(Object(Config\Paths))
12 SYSTEMPATH\rewrite.php(44): require_once('D:\\XAMPP\\htdocs\\apotek\\public\\index.php')
CRITICAL - 2026-05-30 17:04:22 --> ErrorException: Undefined variable $obat
[Method: GET, Route: dashboard]
in APPPATH\Views\dashboard\index.php on line 72.
 1 APPPATH\Views\dashboard\index.php(72): CodeIgniter\Debug\Exceptions->errorHandler(2, 'Undefined variable $obat', 'D:\\XAMPP\\htdocs\\apotek\\app\\Views\\dashboard\\index.php', 72)
 2 SYSTEMPATH\View\View.php(238): include('D:\\XAMPP\\htdocs\\apotek\\app\\Views\\dashboard\\index.php')
 3 SYSTEMPATH\View\View.php(241): CodeIgniter\View\View->CodeIgniter\View\{closure}()
 4 SYSTEMPATH\Common.php(1250): CodeIgniter\View\View->render('dashboard/index', [], true)
 5 APPPATH\Controllers\Dashboard.php(25): view('dashboard/index', [...])
 6 SYSTEMPATH\CodeIgniter.php(951): App\Controllers\Dashboard->index()
 7 SYSTEMPATH\CodeIgniter.php(497): CodeIgniter\CodeIgniter->runController(Object(App\Controllers\Dashboard))
 8 SYSTEMPATH\CodeIgniter.php(340): CodeIgniter\CodeIgniter->handleRequest(null, Object(Config\Cache), false)
 9 SYSTEMPATH\Boot.php(417): CodeIgniter\CodeIgniter->run()
10 SYSTEMPATH\Boot.php(68): CodeIgniter\Boot::runCodeIgniter(Object(CodeIgniter\CodeIgniter))
11 FCPATH\index.php(59): CodeIgniter\Boot::bootWeb(Object(Config\Paths))
12 SYSTEMPATH\rewrite.php(44): require_once('D:\\XAMPP\\htdocs\\apotek\\public\\index.php')
CRITICAL - 2026-05-30 17:04:23 --> ErrorException: Undefined variable $obat
[Method: GET, Route: dashboard]
in APPPATH\Views\dashboard\index.php on line 72.
 1 APPPATH\Views\dashboard\index.php(72): CodeIgniter\Debug\Exceptions->errorHandler(2, 'Undefined variable $obat', 'D:\\XAMPP\\htdocs\\apotek\\app\\Views\\dashboard\\index.php', 72)
 2 SYSTEMPATH\View\View.php(238): include('D:\\XAMPP\\htdocs\\apotek\\app\\Views\\dashboard\\index.php')
 3 SYSTEMPATH\View\View.php(241): CodeIgniter\View\View->CodeIgniter\View\{closure}()
 4 SYSTEMPATH\Common.php(1250): CodeIgniter\View\View->render('dashboard/index', [], true)
 5 APPPATH\Controllers\Dashboard.php(25): view('dashboard/index', [...])
 6 SYSTEMPATH\CodeIgniter.php(951): App\Controllers\Dashboard->index()
 7 SYSTEMPATH\CodeIgniter.php(497): CodeIgniter\CodeIgniter->runController(Object(App\Controllers\Dashboard))
 8 SYSTEMPATH\CodeIgniter.php(340): CodeIgniter\CodeIgniter->handleRequest(null, Object(Config\Cache), false)
 9 SYSTEMPATH\Boot.php(417): CodeIgniter\CodeIgniter->run()
10 SYSTEMPATH\Boot.php(68): CodeIgniter\Boot::runCodeIgniter(Object(CodeIgniter\CodeIgniter))
11 FCPATH\index.php(59): CodeIgniter\Boot::bootWeb(Object(Config\Paths))
12 SYSTEMPATH\rewrite.php(44): require_once('D:\\XAMPP\\htdocs\\apotek\\public\\index.php')
CRITICAL - 2026-05-30 17:04:48 --> ErrorException: Undefined variable $obat
[Method: GET, Route: dashboard]
in APPPATH\Views\dashboard\index.php on line 72.
 1 APPPATH\Views\dashboard\index.php(72): CodeIgniter\Debug\Exceptions->errorHandler(2, 'Undefined variable $obat', 'D:\\XAMPP\\htdocs\\apotek\\app\\Views\\dashboard\\index.php', 72)
 2 SYSTEMPATH\View\View.php(238): include('D:\\XAMPP\\htdocs\\apotek\\app\\Views\\dashboard\\index.php')
 3 SYSTEMPATH\View\View.php(241): CodeIgniter\View\View->CodeIgniter\View\{closure}()
 4 SYSTEMPATH\Common.php(1250): CodeIgniter\View\View->render('dashboard/index', [], true)
 5 APPPATH\Controllers\Dashboard.php(25): view('dashboard/index', [...])
 6 SYSTEMPATH\CodeIgniter.php(951): App\Controllers\Dashboard->index()
 7 SYSTEMPATH\CodeIgniter.php(497): CodeIgniter\CodeIgniter->runController(Object(App\Controllers\Dashboard))
 8 SYSTEMPATH\CodeIgniter.php(340): CodeIgniter\CodeIgniter->handleRequest(null, Object(Config\Cache), false)
 9 SYSTEMPATH\Boot.php(417): CodeIgniter\CodeIgniter->run()
10 SYSTEMPATH\Boot.php(68): CodeIgniter\Boot::runCodeIgniter(Object(CodeIgniter\CodeIgniter))
11 FCPATH\index.php(59): CodeIgniter\Boot::bootWeb(Object(Config\Paths))
12 SYSTEMPATH\rewrite.php(44): require_once('D:\\XAMPP\\htdocs\\apotek\\public\\index.php')
CRITICAL - 2026-05-30 17:06:42 --> ParseError: syntax error, unexpected token "endforeach", expecting end of file
[Method: GET, Route: dashboard]
in APPPATH\Views\dashboard\index.php on line 143.
 1 SYSTEMPATH\View\View.php(241): CodeIgniter\View\View->CodeIgniter\View\{closure}()
 2 SYSTEMPATH\Common.php(1250): CodeIgniter\View\View->render('dashboard/index', [], true)
 3 APPPATH\Controllers\Dashboard.php(25): view('dashboard/index', [...])
 4 SYSTEMPATH\CodeIgniter.php(951): App\Controllers\Dashboard->index()
 5 SYSTEMPATH\CodeIgniter.php(497): CodeIgniter\CodeIgniter->runController(Object(App\Controllers\Dashboard))
 6 SYSTEMPATH\CodeIgniter.php(340): CodeIgniter\CodeIgniter->handleRequest(null, Object(Config\Cache), false)
 7 SYSTEMPATH\Boot.php(417): CodeIgniter\CodeIgniter->run()
 8 SYSTEMPATH\Boot.php(68): CodeIgniter\Boot::runCodeIgniter(Object(CodeIgniter\CodeIgniter))
 9 FCPATH\index.php(59): CodeIgniter\Boot::bootWeb(Object(Config\Paths))
10 SYSTEMPATH\rewrite.php(44): require_once('D:\\XAMPP\\htdocs\\apotek\\public\\index.php')
CRITICAL - 2026-05-30 17:07:28 --> ParseError: syntax error, unexpected token "endforeach", expecting end of file
[Method: GET, Route: dashboard]
in APPPATH\Views\dashboard\index.php on line 141.
 1 SYSTEMPATH\View\View.php(241): CodeIgniter\View\View->CodeIgniter\View\{closure}()
 2 SYSTEMPATH\Common.php(1250): CodeIgniter\View\View->render('dashboard/index', [], true)
 3 APPPATH\Controllers\Dashboard.php(25): view('dashboard/index', [...])
 4 SYSTEMPATH\CodeIgniter.php(951): App\Controllers\Dashboard->index()
 5 SYSTEMPATH\CodeIgniter.php(497): CodeIgniter\CodeIgniter->runController(Object(App\Controllers\Dashboard))
 6 SYSTEMPATH\CodeIgniter.php(340): CodeIgniter\CodeIgniter->handleRequest(null, Object(Config\Cache), false)
 7 SYSTEMPATH\Boot.php(417): CodeIgniter\CodeIgniter->run()
 8 SYSTEMPATH\Boot.php(68): CodeIgniter\Boot::runCodeIgniter(Object(CodeIgniter\CodeIgniter))
 9 FCPATH\index.php(59): CodeIgniter\Boot::bootWeb(Object(Config\Paths))
10 SYSTEMPATH\rewrite.php(44): require_once('D:\\XAMPP\\htdocs\\apotek\\public\\index.php')
